---
source: tests/test.rs
expression: diff
input_file: tests/fixtures/properties/remove.json
---
[
    Change {
        path: "",
        change: PropertyRemove {
            lhs_additional_properties: true,
            removed: "world",
        },
    },
]
