---
source: tests/test.rs
expression: diff
input_file: tests/fixtures/any_of/order_change.json
---
[]
