---
source: tests/test.rs
expression: diff
info:
  lhs:
    const: hello
  rhs:
    type:
      - string
input_file: tests/fixtures/type/extend_from_const.json
---
[
    Change {
        path: "",
        change: ConstRemove {
            removed: String("hello"),
        },
    },
]
