---
source: tests/test.rs
expression: diff
info:
  lhs:
    type: number
  rhs:
    minimum: 1
    type: number
input_file: tests/fixtures/range/add_minimum.json
---
[
    Change {
        path: "",
        change: RangeAdd {
            added: Minimum,
            value: 1.0,
        },
    },
]
