---
source: tests/test.rs
expression: diff
input_file: tests/fixtures/any_of/type_to_any_of_within_array.json
---
[
    Change {
        path: ".1",
        change: RangeAdd {
            added: Minimum,
            value: 1.0,
        },
    },
]
