---
source: tests/test.rs
expression: diff
input_file: tests/fixtures/range/add_minimum_in_array.json
---
[
    Change {
        path: ".1",
        change: RangeAdd {
            added: Minimum,
            value: 1.0,
        },
    },
]
