---
source: tests/test.rs
expression: diff
info:
  lhs:
    type: string
  rhs:
    type: string
input_file: tests/fixtures/type/nothing.json
---
[]
