---
source: tests/test.rs
expression: diff
input_file: tests/fixtures/range/remove_minimum.json
---
[
    Change {
        path: "",
        change: RangeRemove {
            removed: Minimum,
            value: 1.0,
        },
    },
]
