---
source: tests/test.rs
expression: diff
input_file: tests/fixtures/type/restrict_to_const.json
---
[]
