---
source: tests/test.rs
expression: diff
info:
  lhs:
    type: number
  rhs:
    type: integer
input_file: tests/fixtures/type/number_to_integer.json
---
[
    Change {
        path: "",
        change: TypeRemove {
            removed: Number,
        },
    },
]
