---
source: tests/test.rs
expression: diff
input_file: tests/fixtures/any_of/to_less_strict_type.json
---
[
    Change {
        path: "",
        change: TypeAdd {
            added: String,
        },
    },
]
