---
source: tests/test.rs
expression: diff
input_file: tests/fixtures/any_of/type_to_equivalent_any_of.json
---
[]
