---
source: tests/test.rs
expression: diff
info:
  lhs:
    anyOf:
      - type: string
  rhs:
    type: string
input_file: tests/fixtures/any_of/to_equivalent_type.json
---
[]
