---
source: tests/test.rs
expression: diff
info:
  lhs:
    minimum: 1.3
    type: number
  rhs:
    minimum: 1.3
    type: number
input_file: tests/fixtures/range/unchanged_minimum.json
---
[]
