---
source: tests/test.rs
expression: diff
info:
  lhs:
    type: string
  rhs:
    type: number
input_file: tests/fixtures/type/basic.json
---
[
    Change {
        path: "",
        change: TypeRemove {
            removed: String,
        },
    },
    Change {
        path: "",
        change: TypeAdd {
            added: Number,
        },
    },
    Change {
        path: "",
        change: TypeAdd {
            added: Integer,
        },
    },
]
